# Invasion experiments map
	
# timesteps:
1000

# experiment landscape 5x7 with temperature gradient along long
# and precipitation gradient along short axis
	
# <id> <x> <y> [optional parameters]
1 1 1 initpop temp=290 prec=3
2 1 2 initpop temp=290 prec=4
3 1 3 initpop temp=290 prec=5
4 1 4 initpop temp=290 prec=6
5 1 5 initpop temp=290 prec=7
6 2 1 initpop temp=291 prec=3
7 2 2 initpop temp=291 prec=4
8 2 3 initpop temp=291 prec=5
9 2 4 initpop temp=291 prec=6
10 2 5 initpop temp=291 prec=7
11 3 1 initpop temp=292 prec=3
12 3 2 initpop temp=292 prec=4
13 3 3 initpop temp=292 prec=5
14 3 4 initpop temp=292 prec=6
15 3 5 initpop temp=292 prec=7
16 4 1 initpop temp=293 prec=3
17 4 2 initpop temp=293 prec=4
18 4 3 initpop temp=293 prec=5
19 4 4 initpop temp=293 prec=6
20 4 5 initpop temp=293 prec=7
21 5 1 initpop temp=294 prec=3
22 5 2 initpop temp=294 prec=4
23 5 3 initpop temp=294 prec=5
24 5 4 initpop temp=294 prec=6
25 5 5 initpop temp=294 prec=7
26 6 1 initpop temp=295 prec=3
27 6 2 initpop temp=295 prec=4
28 6 3 initpop temp=295 prec=5
29 6 4 initpop temp=295 prec=6
30 6 5 initpop temp=295 prec=7
31 7 1 initpop temp=296 prec=3
32 7 2 initpop temp=296 prec=4
33 7 3 initpop temp=296 prec=5
34 7 4 initpop temp=296 prec=6
35 7 5 initpop temp=296 prec=7
