# timesteps:
1000000

# island :
1 0 0 temp=298 prec=1 isisland 
2 0 1 temp=298 prec=2 isisland 
3 0 2 temp=298 prec=3 isisland 
4 0 3 temp=298 prec=4 isisland 
5 0 4 temp=298 prec=5 isisland 
6 0 5 temp=298 prec=6 isisland 
7 0 6 temp=298 prec=7 isisland 
8 0 7 temp=298 prec=8 isisland 
9 0 8 temp=298 prec=9 isisland 
10 1 0 temp=298 prec=1 isisland 
11 1 1 temp=297 prec=2 isisland 
12 1 2 temp=297 prec=3 isisland 
13 1 3 temp=297 prec=4 isisland 
14 1 4 temp=297 prec=5 isisland 
15 1 5 temp=297 prec=6 isisland 
16 1 6 temp=297 prec=7 isisland 
17 1 7 temp=297 prec=8 isisland 
18 1 8 temp=298 prec=9 isisland 
19 2 0 temp=298 prec=1 isisland 
20 2 1 temp=297 prec=2 isisland 
21 2 2 temp=296 prec=3 isisland 
22 2 3 temp=296 prec=4 isisland 
23 2 4 temp=296 prec=5 isisland 
24 2 5 temp=296 prec=6 isisland 
25 2 6 temp=296 prec=7 isisland 
26 2 7 temp=297 prec=8 isisland 
27 2 8 temp=298 prec=9 isisland 
28 3 0 temp=298 prec=1 isisland 
29 3 1 temp=297 prec=2 isisland 
30 3 2 temp=296 prec=3 isisland 
31 3 3 temp=295 prec=4 isisland 
32 3 4 temp=295 prec=5 isisland 
33 3 5 temp=295 prec=6 isisland 
34 3 6 temp=296 prec=7 isisland 
35 3 7 temp=297 prec=8 isisland 
36 3 8 temp=298 prec=9 isisland 
37 4 0 temp=298 prec=1 isisland 
38 4 1 temp=297 prec=2 isisland 
39 4 2 temp=296 prec=3 isisland 
40 4 3 temp=295 prec=4 isisland 
41 4 4 temp=294 prec=5 isisland 
42 4 5 temp=295 prec=6 isisland 
43 4 6 temp=296 prec=7 isisland 
44 4 7 temp=297 prec=8 isisland 
45 4 8 temp=298 prec=9 isisland 
46 5 0 temp=298 prec=1 isisland 
47 5 1 temp=297 prec=2 isisland 
48 5 2 temp=296 prec=3 isisland 
49 5 3 temp=295 prec=4 isisland 
50 5 4 temp=295 prec=5 isisland 
51 5 5 temp=295 prec=6 isisland 
52 5 6 temp=296 prec=7 isisland 
53 5 7 temp=297 prec=8 isisland 
54 5 8 temp=298 prec=9 isisland 
55 6 0 temp=298 prec=1 isisland 
56 6 1 temp=297 prec=2 isisland 
57 6 2 temp=296 prec=3 isisland 
58 6 3 temp=296 prec=4 isisland 
59 6 4 temp=296 prec=5 isisland 
60 6 5 temp=296 prec=6 isisland 
61 6 6 temp=296 prec=7 isisland 
62 6 7 temp=297 prec=8 isisland 
63 6 8 temp=298 prec=9 isisland 
64 7 0 temp=298 prec=1 isisland 
65 7 1 temp=297 prec=2 isisland 
66 7 2 temp=297 prec=3 isisland 
67 7 3 temp=297 prec=4 isisland 
68 7 4 temp=297 prec=5 isisland 
69 7 5 temp=297 prec=6 isisland 
70 7 6 temp=297 prec=7 isisland 
71 7 7 temp=297 prec=8 isisland 
72 7 8 temp=298 prec=9 isisland 
73 8 0 temp=298 prec=1 isisland 
74 8 1 temp=298 prec=2 isisland 
75 8 2 temp=298 prec=3 isisland 
76 8 3 temp=298 prec=4 isisland 
77 8 4 temp=298 prec=5 isisland 
78 8 5 temp=298 prec=6 isisland 
79 8 6 temp=298 prec=7 isisland 
80 8 7 temp=298 prec=8 isisland 
81 8 8 temp=298 prec=9 isisland 

# continent :
1000 108 4 temp=298 prec=5 initpop

